2026-05-22 22:05:47 - Ошибка: Extension missing: openssl
2026-05-22 22:09:06 - Ошибка: Extension missing: openssl
2026-05-22 22:09:50 - Ошибка: Extension missing: openssl
2026-05-22 22:11:04 - Ошибка: Extension missing: openssl
2026-05-24 17:04:43 - Ошибка: SMTP Error: Could not connect to SMTP host.
2026-05-24 17:04:44 - Ошибка: SMTP Error: Could not connect to SMTP host.
2026-05-24 17:04:46 - Ошибка: SMTP Error: Could not connect to SMTP host.
2026-05-24 17:04:49 - Ошибка: SMTP Error: Could not connect to SMTP host.
2026-05-24 17:04:51 - Ошибка: SMTP Error: Could not connect to SMTP host.
2026-05-24 17:04:53 - Ошибка: SMTP Error: Could not connect to SMTP host.
2026-05-24 17:04:58 - Ошибка: SMTP Error: Could not connect to SMTP host.
2026-05-24 17:05:03 - Ошибка: SMTP Error: Could not connect to SMTP host. Connection failed. stream_socket_client(): SSL: Удаленный хост принудительно разорвал существующее подключение SMTP server error: Connection failed. Detail: stream_socket_client(): SSL: Удаленный хост принудительно разорвал существующее подключение SMTP code: 2
2026-05-24 17:05:08 - Ошибка: SMTP Error: Could not connect to SMTP host. Connection failed. stream_socket_client(): SSL: Удаленный хост принудительно разорвал существующее подключение SMTP server error: Connection failed. Detail: stream_socket_client(): SSL: Удаленный хост принудительно разорвал существующее подключение SMTP code: 2
2026-05-24 17:05:10 - Ошибка: SMTP Error: Could not connect to SMTP host.
2026-05-24 17:05:12 - Ошибка: SMTP Error: Could not connect to SMTP host.
2026-05-24 17:06:02 - Ошибка: SMTP Error: Could not connect to SMTP host. Connection failed. stream_socket_client(): SSL: Удаленный хост принудительно разорвал существующее подключение SMTP server error: Connection failed. Detail: stream_socket_client(): SSL: Удаленный хост принудительно разорвал существующее подключение SMTP code: 2
2026-05-24 17:06:04 - Ошибка: SMTP Error: Could not connect to SMTP host.
2026-05-24 17:06:09 - Ошибка: SMTP Error: Could not connect to SMTP host.
2026-05-24 17:06:13 - Ошибка: SMTP Error: Could not connect to SMTP host.
2026-05-24 17:06:23 - Ошибка: SMTP Error: Could not connect to SMTP host.
2026-05-24 17:21:33 - Ошибка: SMTP Error: Could not connect to SMTP host.
2026-05-24 17:21:35 - Ошибка: SMTP Error: Could not connect to SMTP host.
2026-05-24 17:21:48 - Ошибка: SMTP Error: Could not connect to SMTP host.
2026-05-24 17:22:16 - Ошибка: SMTP Error: Could not connect to SMTP host.
2026-05-24 17:23:11 - Ошибка: SMTP Error: Could not connect to SMTP host.
2026-05-24 17:23:36 - Ошибка: SMTP Error: Could not connect to SMTP host.
2026-05-24 17:24:33 - Ошибка: SMTP Error: Could not connect to SMTP host.
2026-05-24 17:24:36 - Ошибка: SMTP Error: Could not connect to SMTP host.
2026-05-24 17:24:41 - Ошибка: SMTP Error: Could not connect to SMTP host. Connection failed. stream_socket_client(): SSL: Удаленный хост принудительно разорвал существующее подключение SMTP server error: Connection failed. Detail: stream_socket_client(): SSL: Удаленный хост принудительно разорвал существующее подключение SMTP code: 2
2026-05-24 17:27:46 - Ошибка: SMTP Error: Could not connect to SMTP host.
2026-05-24 17:27:55 - Ошибка: SMTP Error: Could not connect to SMTP host.
2026-05-24 17:27:58 - Ошибка: SMTP Error: Could not connect to SMTP host.
2026-05-24 17:28:03 - Ошибка: SMTP Error: Could not connect to SMTP host.
2026-05-24 17:40:13 - Ошибка: SMTP Error: Could not connect to SMTP host.
2026-05-24 17:43:17 - Ошибка: SMTP Error: Could not connect to SMTP host.
2026-05-24 17:45:53 - Ошибка: SMTP Error: Could not connect to SMTP host.
2026-05-24 17:48:12 - Ошибка: SMTP Error: Could not connect to SMTP host.
2026-05-27 21:58:30 - Письмо не отправлено, заявка сохранена в C:\staruxa/orders_backup.txt
2026-05-27 21:58:32 - Письмо не отправлено, заявка сохранена в C:\staruxa/orders_backup.txt
2026-05-27 21:58:51 - Письмо не отправлено, заявка сохранена в C:\staruxa/orders_backup.txt
2026-05-27 21:58:53 - Письмо не отправлено, заявка сохранена в C:\staruxa/orders_backup.txt
2026-05-27 20:30:59 - Получена заявка от арутр, телефон 213, товаров: 2
2026-05-27 20:30:59 - Пытаемся отправить письмо на arturxakeryt@yandex.ru
2026-05-27 20:31:01 - Ошибка mail(): mail(): Failed to connect to mailserver at &quot;localhost&quot; port 25, verify your &quot;SMTP&quot; and &quot;smtp_port&quot; setting in php.ini or use ini_set()
2026-05-27 20:31:01 - Заявка сохранена в C:\staruxa/orders_backup.txt
2026-05-27 20:33:12 - Ошибка PHPMailer: Extension missing: openssl
2026-05-27 20:33:15 - Ошибка PHPMailer: Extension missing: openssl
